// Game: Nuclide
// Format: Quake3 (Valve)
// entity 0
{
"mapversion" "220"
"classname" "worldspawn"
"_tb_mod" "basexperimental"
"_tb_textures" "textures;textures/null/licensse_permissive/cyber/building;textures/null/licensse_permissive/project_downpour/City/City_Brick;textures/null/licensse_permissive/project_downpour/City/City_Buildings;textures/null/licensse_permissive/project_downpour/City/City_Concrete;textures/null/licensse_permissive/project_downpour/City/City_Decor;textures/null/licensse_permissive/project_downpour/City/City_Tiles;textures/null/licensse_permissive/project_downpour/Metal/Metal_Industrial;textures/null/licensse_permissive/project_downpour/Metal/Metal_Lab;textures/null/licensse_permissive/project_downpour/Usable/Doors;textures/null/licensse_permissive/uncompressed/doors"
"_tb_def" "external:/home/null/_01_projects/nuclide/halflife.fgd"
// brush 0
{
( -256 -64 -16 ) ( -256 -63 -16 ) ( -256 -64 -15 ) null/licensse_permissive/project_downpour/City/City_Decor/PLAST1 [ 0 -1 0 0 ] [ 0 0 -1 0 ] 0 1 1
( -64 -208 -16 ) ( -64 -208 -15 ) ( -63 -208 -16 ) null/licensse_permissive/project_downpour/City/City_Decor/PLAST1 [ 1 0 0 0 ] [ 0 0 -1 0 ] 0 1 1
( -64 -64 0 ) ( -63 -64 0 ) ( -64 -63 0 ) null/licensse_permissive/project_downpour/City/City_Decor/PLAST1 [ -1 0 0 0 ] [ 0 -1 0 0 ] 0 1 1
( 64 64 16 ) ( 64 65 16 ) ( 65 64 16 ) null/licensse_permissive/project_downpour/City/City_Decor/PLAST1 [ 1 0 0 0 ] [ 0 -1 0 0 ] 0 1 1
( 64 688 16 ) ( 65 688 16 ) ( 64 688 17 ) null/licensse_permissive/project_downpour/City/City_Decor/PLAST1 [ -1 0 0 0 ] [ 0 0 -1 0 ] 0 1 1
( 64 64 16 ) ( 64 64 17 ) ( 64 65 16 ) null/licensse_permissive/project_downpour/City/City_Decor/PLAST1 [ 0 1 0 0 ] [ 0 0 -1 0 ] 0 1 1
}
// brush 1
{
( -272 -160 0 ) ( -272 -159 0 ) ( -272 -160 1 ) null/licensse_permissive/project_downpour/City/City_Decor/CRWALL2 [ 0 -1 0 0 ] [ 0 0 -1 0 ] 0 0.5 0.5
( -288 -208 0 ) ( -288 -208 1 ) ( -287 -208 0 ) null/licensse_permissive/project_downpour/City/City_Decor/CRWALL2 [ 1 0 0 64 ] [ 0 0 -1 0 ] 0 0.5 0.5
( -288 -160 0 ) ( -287 -160 0 ) ( -288 -159 0 ) null/licensse_permissive/project_downpour/City/City_Decor/CRWALL2 [ -1 0 0 -64 ] [ 0 -1 0 0 ] 0 0.5 0.5
( -256 32 160 ) ( -256 33 160 ) ( -255 32 160 ) null/licensse_permissive/project_downpour/City/City_Decor/CRWALL2 [ 1 0 0 64 ] [ 0 -1 0 0 ] 0 0.5 0.5
( -256 688 32 ) ( -255 688 32 ) ( -256 688 33 ) null/licensse_permissive/project_downpour/City/City_Decor/CRWALL2 [ -1 0 0 -64 ] [ 0 0 -1 0 ] 0 0.5 0.5
( -256 32 32 ) ( -256 32 33 ) ( -256 33 32 ) null/licensse_permissive/project_downpour/City/City_Decor/CRWALL2 [ 0 1 0 0 ] [ 0 0 -1 0 ] 0 0.5 0.5
}
// brush 2
{
( -256 -160 0 ) ( -256 -159 0 ) ( -256 -160 1 ) null/licensse_permissive/project_downpour/City/City_Decor/CRWALL2 [ 0 -1 0 0 ] [ 0 0 -1 0 ] 0 0.5 0.5
( -256 208 32 ) ( -256 208 33 ) ( -255 208 32 ) null/licensse_permissive/project_downpour/City/City_Decor/CRWALL2 [ -1 0 0 -64 ] [ 0 0 -1 0 ] 0 0.5 0.5
( -288 -160 16 ) ( -287 -160 16 ) ( -288 -159 16 ) null/licensse_permissive/project_downpour/City/City_Decor/CRWALL2 [ -1 0 0 -64 ] [ 0 -1 0 0 ] 0 0.5 0.5
( -256 32 128 ) ( -256 33 128 ) ( -255 32 128 ) null/licensse_permissive/project_downpour/City/City_Decor/CRWALL2 [ 1 0 0 64 ] [ 0 -1 0 0 ] 0 0.5 0.5
( -256 224 32 ) ( -255 224 32 ) ( -256 224 33 ) null/licensse_permissive/project_downpour/City/City_Decor/CRWALL2 [ -1 0 0 -64 ] [ 0 0 -1 0 ] 0 0.5 0.5
( -80 32 32 ) ( -80 32 33 ) ( -80 33 32 ) null/licensse_permissive/project_downpour/City/City_Decor/CRWALL2 [ 0 1 0 0 ] [ 0 0 -1 0 ] 0 0.5 0.5
}
// brush 3
{
( -256 0 0 ) ( -256 1 0 ) ( -256 0 1 ) null/licensse_permissive/project_downpour/City/City_Decor/CRWALL2 [ 0 -1 0 64 ] [ 0 0 -1 0 ] 0 0.5 0.5
( -256 368 32 ) ( -256 368 33 ) ( -255 368 32 ) null/licensse_permissive/project_downpour/City/City_Decor/CRWALL2 [ -1 0 0 -64 ] [ 0 0 -1 0 ] 0 0.5 0.5
( -288 0 16 ) ( -287 0 16 ) ( -288 1 16 ) null/licensse_permissive/project_downpour/City/City_Decor/CRWALL2 [ -1 0 0 -64 ] [ 0 -1 0 64 ] 0 0.5 0.5
( -256 192 128 ) ( -256 193 128 ) ( -255 192 128 ) null/licensse_permissive/project_downpour/City/City_Decor/CRWALL2 [ 1 0 0 64 ] [ 0 -1 0 64 ] 0 0.5 0.5
( -256 384 32 ) ( -255 384 32 ) ( -256 384 33 ) null/licensse_permissive/project_downpour/City/City_Decor/CRWALL2 [ -1 0 0 -64 ] [ 0 0 -1 0 ] 0 0.5 0.5
( -80 192 32 ) ( -80 192 33 ) ( -80 193 32 ) null/licensse_permissive/project_downpour/City/City_Decor/CRWALL2 [ 0 1 0 -64 ] [ 0 0 -1 0 ] 0 0.5 0.5
}
// brush 4
{
( -256 176 0 ) ( -256 177 0 ) ( -256 176 1 ) null/licensse_permissive/project_downpour/City/City_Decor/CRWALL2 [ 0 -1 0 160 ] [ 0 0 -1 0 ] 0 0.5 0.5
( -256 544 32 ) ( -256 544 33 ) ( -255 544 32 ) null/licensse_permissive/project_downpour/City/City_Decor/CRWALL2 [ -1 0 0 -64 ] [ 0 0 -1 0 ] 0 0.5 0.5
( -288 176 16 ) ( -287 176 16 ) ( -288 177 16 ) null/licensse_permissive/project_downpour/City/City_Decor/CRWALL2 [ -1 0 0 -64 ] [ 0 -1 0 160 ] 0 0.5 0.5
( -256 368 128 ) ( -256 369 128 ) ( -255 368 128 ) null/licensse_permissive/project_downpour/City/City_Decor/CRWALL2 [ 1 0 0 64 ] [ 0 -1 0 160 ] 0 0.5 0.5
( -256 560 32 ) ( -255 560 32 ) ( -256 560 33 ) null/licensse_permissive/project_downpour/City/City_Decor/CRWALL2 [ -1 0 0 -64 ] [ 0 0 -1 0 ] 0 0.5 0.5
( -80 368 32 ) ( -80 368 33 ) ( -80 369 32 ) null/licensse_permissive/project_downpour/City/City_Decor/CRWALL2 [ 0 1 0 -160 ] [ 0 0 -1 0 ] 0 0.5 0.5
}
// brush 5
{
( -256 320 0 ) ( -256 321 0 ) ( -256 320 1 ) null/licensse_permissive/project_downpour/City/City_Decor/CRWALL2 [ 0 -1 0 192 ] [ 0 0 -1 0 ] 0 0.5 0.5
( -256 688 32 ) ( -256 688 33 ) ( -255 688 32 ) null/licensse_permissive/project_downpour/City/City_Decor/CRWALL2 [ -1 0 0 -64 ] [ 0 0 -1 0 ] 0 0.5 0.5
( -288 320 16 ) ( -287 320 16 ) ( -288 321 16 ) null/licensse_permissive/project_downpour/City/City_Decor/CRWALL2 [ -1 0 0 -64 ] [ 0 -1 0 192 ] 0 0.5 0.5
( -256 512 160 ) ( -256 513 160 ) ( -255 512 160 ) null/licensse_permissive/project_downpour/City/City_Decor/CRWALL2 [ 1 0 0 64 ] [ 0 -1 0 192 ] 0 0.5 0.5
( -256 704 32 ) ( -255 704 32 ) ( -256 704 33 ) null/licensse_permissive/project_downpour/City/City_Decor/CRWALL2 [ -1 0 0 -64 ] [ 0 0 -1 0 ] 0 0.5 0.5
( -80 512 32 ) ( -80 512 33 ) ( -80 513 32 ) null/licensse_permissive/project_downpour/City/City_Decor/CRWALL2 [ 0 1 0 -192 ] [ 0 0 -1 0 ] 0 0.5 0.5
}
// brush 6
{
( -16 512 32 ) ( -16 513 32 ) ( -16 512 33 ) null/licensse_permissive/project_downpour/City/City_Decor/CRWALL2 [ 0 1 0 -192 ] [ 0 0 -1 0 ] 0 0.5 0.5
( -256 688 32 ) ( -256 688 33 ) ( -255 688 32 ) null/licensse_permissive/project_downpour/City/City_Decor/CRWALL2 [ -1 0 0 -64 ] [ 0 0 -1 0 ] 0 0.5 0.5
( -288 320 16 ) ( -287 320 16 ) ( -288 321 16 ) null/licensse_permissive/project_downpour/City/City_Decor/CRWALL2 [ -1 0 0 -64 ] [ 0 -1 0 192 ] 0 0.5 0.5
( -256 512 160 ) ( -256 513 160 ) ( -255 512 160 ) null/licensse_permissive/project_downpour/City/City_Decor/CRWALL2 [ 1 0 0 64 ] [ 0 -1 0 192 ] 0 0.5 0.5
( -256 704 32 ) ( -255 704 32 ) ( -256 704 33 ) null/licensse_permissive/project_downpour/City/City_Decor/CRWALL2 [ -1 0 0 -64 ] [ 0 0 -1 0 ] 0 0.5 0.5
( 160 512 32 ) ( 160 512 33 ) ( 160 513 32 ) null/licensse_permissive/project_downpour/City/City_Decor/CRWALL2 [ 0 1 0 -192 ] [ 0 0 -1 0 ] 0 0.5 0.5
}
// brush 7
{
( -80 696 16 ) ( -80 697 16 ) ( -80 696 17 ) null/licensse_permissive/project_downpour/Usable/Doors/door2 [ 0 -1 0 0 ] [ 0 0 -1 0 ] 0 0.2 0.2
( -80 696 16 ) ( -80 696 17 ) ( -79 696 16 ) null/licensse_permissive/project_downpour/Usable/Doors/door2 [ 1 0 0 -944 ] [ 0 0 -1 138 ] 0 1 0.8
( -80 696 16 ) ( -79 696 16 ) ( -80 697 16 ) null/licensse_permissive/project_downpour/Usable/Doors/door2 [ -1 0 0 0 ] [ 0 -1 0 0 ] 0 0.2 0.2
( -16 704 112 ) ( -16 705 112 ) ( -15 704 112 ) null/licensse_permissive/project_downpour/Usable/Doors/door2 [ 1 0 0 0 ] [ 0 -1 0 0 ] 0 0.2 0.2
( -16 704 24 ) ( -15 704 24 ) ( -16 704 25 ) null/licensse_permissive/project_downpour/Usable/Doors/door2 [ -1 0 0 0 ] [ 0 0 -1 0 ] 0 0.2 0.2
( -16 704 24 ) ( -16 704 25 ) ( -16 705 24 ) null/licensse_permissive/project_downpour/Usable/Doors/door2 [ 0 1 0 0 ] [ 0 0 -1 0 ] 0 0.2 0.2
}
// brush 8
{
( -80 688 0 ) ( -80 689 0 ) ( -80 688 1 ) null/licensse_permissive/project_downpour/City/City_Decor/PLAST1 [ 0 -1 0 0 ] [ 0 0 -1 0 ] 0 0.5 0.5
( -64 688 0 ) ( -64 688 1 ) ( -63 688 0 ) null/licensse_permissive/project_downpour/City/City_Decor/PLAST1 [ 1 0 0 0 ] [ 0 0 -1 0 ] 0 0.5 0.5
( -64 688 0 ) ( -63 688 0 ) ( -64 689 0 ) null/licensse_permissive/project_downpour/City/City_Decor/PLAST1 [ -1 0 0 0 ] [ 0 -1 0 0 ] 0 0.5 0.5
( 0 768 16 ) ( 0 769 16 ) ( 1 768 16 ) null/licensse_permissive/project_downpour/City/City_Decor/PLAST1 [ 1 0 0 0 ] [ 0 -1 0 0 ] 0 0.5 0.5
( 0 768 16 ) ( 1 768 16 ) ( 0 768 17 ) null/licensse_permissive/project_downpour/City/City_Decor/PLAST1 [ -1 0 0 0 ] [ 0 0 -1 0 ] 0 0.5 0.5
( 320 768 16 ) ( 320 768 17 ) ( 320 769 16 ) null/licensse_permissive/project_downpour/City/City_Decor/PLAST1 [ 0 1 0 0 ] [ 0 0 -1 0 ] 0 0.5 0.5
}
// brush 9
{
( -80 688 96 ) ( -80 689 96 ) ( -80 688 97 ) null/licensse_permissive/project_downpour/City/City_Decor/CRWALL2 [ 0 -1 0 0 ] [ 0 0 -1 0 ] 0 0.5 0.5
( -80 688 96 ) ( -80 688 97 ) ( -79 688 96 ) null/licensse_permissive/project_downpour/City/City_Decor/CRWALL2 [ -1 0 0 -64 ] [ 0 0 -1 0 ] 0 0.5 0.5
( -80 688 112 ) ( -79 688 112 ) ( -80 689 112 ) null/licensse_permissive/project_downpour/City/City_Decor/CRWALL2 [ -1 0 0 0 ] [ 0 -1 0 0 ] 0 0.5 0.5
( -32 704 160 ) ( -32 705 160 ) ( -31 704 160 ) null/licensse_permissive/project_downpour/City/City_Decor/CRWALL2 [ 1 0 0 0 ] [ 0 -1 0 0 ] 0 0.5 0.5
( -32 704 112 ) ( -31 704 112 ) ( -32 704 113 ) null/licensse_permissive/project_downpour/City/City_Decor/CRWALL2 [ -1 0 0 0 ] [ 0 0 -1 0 ] 0 0.5 0.5
( -16 704 112 ) ( -16 704 113 ) ( -16 705 112 ) null/licensse_permissive/project_downpour/City/City_Decor/CRWALL2 [ 0 1 0 0 ] [ 0 0 -1 0 ] 0 0.5 0.5
}
// brush 10
{
( 64 512 0 ) ( 64 513 0 ) ( 64 512 1 ) null/licensse_permissive/project_downpour/City/City_Decor/PLAST1 [ 0 -1 0 0 ] [ 0 0 -1 0 ] 0 0.5 0.5
( 64 512 0 ) ( 64 512 1 ) ( 65 512 0 ) null/licensse_permissive/project_downpour/City/City_Decor/PLAST1 [ 1 0 0 0 ] [ 0 0 -1 0 ] 0 0.5 0.5
( 64 512 0 ) ( 65 512 0 ) ( 64 513 0 ) null/licensse_permissive/project_downpour/City/City_Decor/PLAST1 [ -1 0 0 0 ] [ 0 -1 0 0 ] 0 0.5 0.5
( 416 688 16 ) ( 416 689 16 ) ( 417 688 16 ) null/licensse_permissive/project_downpour/City/City_Decor/PLAST1 [ 1 0 0 0 ] [ 0 -1 0 0 ] 0 0.5 0.5
( 416 688 16 ) ( 417 688 16 ) ( 416 688 17 ) null/licensse_permissive/project_downpour/City/City_Decor/PLAST1 [ -1 0 0 0 ] [ 0 0 -1 0 ] 0 0.5 0.5
( 416 688 16 ) ( 416 688 17 ) ( 416 689 16 ) null/licensse_permissive/project_downpour/City/City_Decor/PLAST1 [ 0 1 0 0 ] [ 0 0 -1 0 ] 0 0.5 0.5
}
// brush 11
{
( 160 512 32 ) ( 160 513 32 ) ( 160 512 33 ) null/licensse_permissive/project_downpour/City/City_Decor/CRWALL2 [ 0 1 0 -192 ] [ 0 0 -1 0 ] 0 0.5 0.5
( -256 688 32 ) ( -256 688 33 ) ( -255 688 32 ) null/licensse_permissive/project_downpour/City/City_Decor/CRWALL2 [ -1 0 0 -64 ] [ 0 0 -1 0 ] 0 0.5 0.5
( -288 320 128 ) ( -287 320 128 ) ( -288 321 128 ) null/licensse_permissive/project_downpour/City/City_Decor/CRWALL2 [ -1 0 0 -64 ] [ 0 -1 0 192 ] 0 0.5 0.5
( -256 512 160 ) ( -256 513 160 ) ( -255 512 160 ) null/licensse_permissive/project_downpour/City/City_Decor/CRWALL2 [ 1 0 0 64 ] [ 0 -1 0 192 ] 0 0.5 0.5
( -256 704 32 ) ( -255 704 32 ) ( -256 704 33 ) null/licensse_permissive/project_downpour/City/City_Decor/CRWALL2 [ -1 0 0 -64 ] [ 0 0 -1 0 ] 0 0.5 0.5
( 320 512 32 ) ( 320 512 33 ) ( 320 513 32 ) null/licensse_permissive/project_downpour/City/City_Decor/CRWALL2 [ 0 1 0 -192 ] [ 0 0 -1 0 ] 0 0.5 0.5
}
// brush 12
{
( 160 512 32 ) ( 160 513 32 ) ( 160 512 33 ) null/licensse_permissive/project_downpour/Usable/Doors/qdoor06 [ 0 1 0 -192 ] [ 0 0 -1 0 ] 0 1 1
( -256 696 32 ) ( -256 696 33 ) ( -255 696 32 ) null/licensse_permissive/project_downpour/Usable/Doors/BCDOOR1 [ -1 0 0 8.333328 ] [ 0 0 -1 3 ] 0 1.2 1
( -288 320 16 ) ( -287 320 16 ) ( -288 321 16 ) null/licensse_permissive/project_downpour/Usable/Doors/qdoor06 [ -1 0 0 -64 ] [ 0 -1 0 192 ] 0 1 1
( -288 320 128 ) ( -288 321 128 ) ( -287 320 128 ) null/licensse_permissive/project_downpour/Usable/Doors/qdoor06 [ -1 0 0 -64 ] [ 0 -1 0 192 ] 0 1 1
( -256 704 32 ) ( -255 704 32 ) ( -256 704 33 ) null/licensse_permissive/project_downpour/Usable/Doors/qdoor06 [ -1 0 0 -64 ] [ 0 0 -1 0 ] 0 1 1
( 320 512 32 ) ( 320 512 33 ) ( 320 513 32 ) null/licensse_permissive/project_downpour/Usable/Doors/qdoor06 [ 0 1 0 -192 ] [ 0 0 -1 0 ] 0 1 1
}
// brush 13
{
( 320 512 32 ) ( 320 513 32 ) ( 320 512 33 ) null/licensse_permissive/project_downpour/City/City_Decor/CRWALL2 [ 0 1 0 -192 ] [ 0 0 -1 0 ] 0 0.5 0.5
( -256 688 32 ) ( -256 688 33 ) ( -255 688 32 ) null/licensse_permissive/project_downpour/City/City_Decor/CRWALL2 [ -1 0 0 -64 ] [ 0 0 -1 0 ] 0 0.5 0.5
( -288 320 16 ) ( -287 320 16 ) ( -288 321 16 ) null/licensse_permissive/project_downpour/City/City_Decor/CRWALL2 [ -1 0 0 -64 ] [ 0 -1 0 192 ] 0 0.5 0.5
( -256 512 160 ) ( -256 513 160 ) ( -255 512 160 ) null/licensse_permissive/project_downpour/City/City_Decor/CRWALL2 [ 1 0 0 64 ] [ 0 -1 0 192 ] 0 0.5 0.5
( -256 704 32 ) ( -255 704 32 ) ( -256 704 33 ) null/licensse_permissive/project_downpour/City/City_Decor/CRWALL2 [ -1 0 0 -64 ] [ 0 0 -1 0 ] 0 0.5 0.5
( 416 512 32 ) ( 416 512 33 ) ( 416 513 32 ) null/licensse_permissive/project_downpour/City/City_Decor/CRWALL2 [ 0 1 0 -192 ] [ 0 0 -1 0 ] 0 0.5 0.5
}
// brush 14
{
( 80 384 0 ) ( 80 385 0 ) ( 80 384 1 ) null/licensse_permissive/project_downpour/City/City_Decor/CRWALL2 [ 0 -1 0 0 ] [ 0 0 -1 0 ] 0 0.5 0.5
( 64 496 0 ) ( 64 496 1 ) ( 65 496 0 ) null/licensse_permissive/project_downpour/City/City_Decor/CRWALL2 [ 1 0 0 0 ] [ 0 0 -1 0 ] 0 0.5 0.5
( 64 384 0 ) ( 65 384 0 ) ( 64 385 0 ) null/licensse_permissive/project_downpour/City/City_Decor/CRWALL2 [ -1 0 0 0 ] [ 0 -1 0 0 ] 0 0.5 0.5
( 208 512 176 ) ( 208 513 176 ) ( 209 512 176 ) null/licensse_permissive/project_downpour/City/City_Decor/CRWALL2 [ 1 0 0 0 ] [ 0 -1 0 0 ] 0 0.5 0.5
( 208 512 16 ) ( 209 512 16 ) ( 208 512 17 ) null/licensse_permissive/project_downpour/City/City_Decor/CRWALL2 [ -1 0 0 0 ] [ 0 0 -1 0 ] 0 0.5 0.5
( 160 512 16 ) ( 160 512 17 ) ( 160 513 16 ) null/licensse_permissive/project_downpour/City/City_Decor/CRWALL2 [ 0 1 0 0 ] [ 0 0 -1 0 ] 0 0.5 0.5
}
// brush 15
{
( 160 512 16 ) ( 160 513 16 ) ( 160 512 17 ) null/licensse_permissive/project_downpour/City/City_Decor/CRWALL2 [ 0 1 0 0 ] [ 0 0 -1 0 ] 0 0.5 0.5
( 64 496 0 ) ( 64 496 1 ) ( 65 496 0 ) null/licensse_permissive/project_downpour/City/City_Decor/CRWALL2 [ 1 0 0 0 ] [ 0 0 -1 0 ] 0 0.5 0.5
( 64 384 0 ) ( 65 384 0 ) ( 64 385 0 ) null/licensse_permissive/project_downpour/City/City_Decor/CRWALL2 [ -1 0 0 0 ] [ 0 -1 0 0 ] 0 0.5 0.5
( 208 512 48 ) ( 208 513 48 ) ( 209 512 48 ) null/licensse_permissive/project_downpour/City/City_Decor/CRWALL2 [ 1 0 0 0 ] [ 0 -1 0 0 ] 0 0.5 0.5
( 208 512 16 ) ( 209 512 16 ) ( 208 512 17 ) null/licensse_permissive/project_downpour/City/City_Decor/CRWALL2 [ -1 0 0 0 ] [ 0 0 -1 0 ] 0 0.5 0.5
( 320 512 16 ) ( 320 512 17 ) ( 320 513 16 ) null/licensse_permissive/project_downpour/City/City_Decor/CRWALL2 [ 0 1 0 0 ] [ 0 0 -1 0 ] 0 0.5 0.5
}
// brush 16
{
( 160 512 16 ) ( 160 513 16 ) ( 160 512 17 ) null/licensse_permissive/project_downpour/City/City_Decor/CRWALL2 [ 0 1 0 0 ] [ 0 0 -1 0 ] 0 0.5 0.5
( 64 496 0 ) ( 64 496 1 ) ( 65 496 0 ) null/licensse_permissive/project_downpour/City/City_Decor/CRWALL2 [ 1 0 0 0 ] [ 0 0 -1 0 ] 0 0.5 0.5
( 208 512 112 ) ( 209 512 112 ) ( 208 513 112 ) null/licensse_permissive/project_downpour/City/City_Decor/CRWALL2 [ 1 0 0 0 ] [ 0 -1 0 0 ] 0 0.5 0.5
( 208 512 176 ) ( 208 513 176 ) ( 209 512 176 ) null/licensse_permissive/project_downpour/City/City_Decor/CRWALL2 [ 1 0 0 0 ] [ 0 -1 0 0 ] 0 0.5 0.5
( 208 512 16 ) ( 209 512 16 ) ( 208 512 17 ) null/licensse_permissive/project_downpour/City/City_Decor/CRWALL2 [ -1 0 0 0 ] [ 0 0 -1 0 ] 0 0.5 0.5
( 320 512 16 ) ( 320 512 17 ) ( 320 513 16 ) null/licensse_permissive/project_downpour/City/City_Decor/CRWALL2 [ 0 1 0 0 ] [ 0 0 -1 0 ] 0 0.5 0.5
}
// brush 17
{
( 320 512 16 ) ( 320 513 16 ) ( 320 512 17 ) null/licensse_permissive/project_downpour/City/City_Decor/CRWALL2 [ 0 1 0 0 ] [ 0 0 -1 0 ] 0 0.5 0.5
( 64 496 0 ) ( 64 496 1 ) ( 65 496 0 ) null/licensse_permissive/project_downpour/City/City_Decor/CRWALL2 [ 1 0 0 0 ] [ 0 0 -1 0 ] 0 0.5 0.5
( 64 384 0 ) ( 65 384 0 ) ( 64 385 0 ) null/licensse_permissive/project_downpour/City/City_Decor/CRWALL2 [ -1 0 0 0 ] [ 0 -1 0 0 ] 0 0.5 0.5
( 208 512 176 ) ( 208 513 176 ) ( 209 512 176 ) null/licensse_permissive/project_downpour/City/City_Decor/CRWALL2 [ 1 0 0 0 ] [ 0 -1 0 0 ] 0 0.5 0.5
( 208 512 16 ) ( 209 512 16 ) ( 208 512 17 ) null/licensse_permissive/project_downpour/City/City_Decor/CRWALL2 [ -1 0 0 0 ] [ 0 0 -1 0 ] 0 0.5 0.5
( 416 512 16 ) ( 416 512 17 ) ( 416 513 16 ) null/licensse_permissive/project_downpour/City/City_Decor/CRWALL2 [ 0 1 0 0 ] [ 0 0 -1 0 ] 0 0.5 0.5
}
// brush 18
{
( -256 496 160 ) ( -256 497 160 ) ( -256 496 161 ) null/licensse_permissive/project_downpour/Metal/Metal_Lab/DFLAT14 [ 0 -1 0 0 ] [ 0 0 -1 32 ] 0 1 1
( -224 512 160 ) ( -224 512 161 ) ( -223 512 160 ) null/licensse_permissive/project_downpour/Metal/Metal_Lab/DFLAT14 [ 1 0 0 0 ] [ 0 0 -1 32 ] 0 1 1
( -224 496 160 ) ( -223 496 160 ) ( -224 497 160 ) null/licensse_permissive/project_downpour/Metal/Metal_Lab/DFLAT14 [ -1 0 0 0 ] [ 0 -1 0 0 ] 0 1 1
( 416 704 176 ) ( 416 705 176 ) ( 417 704 176 ) null/licensse_permissive/project_downpour/Metal/Metal_Lab/DFLAT14 [ 1 0 0 0 ] [ 0 -1 0 0 ] 0 1 1
( 416 688 176 ) ( 417 688 176 ) ( 416 688 177 ) null/licensse_permissive/project_downpour/Metal/Metal_Lab/DFLAT14 [ -1 0 0 0 ] [ 0 0 -1 32 ] 0 1 1
( 416 704 176 ) ( 416 704 177 ) ( 416 705 176 ) null/licensse_permissive/project_downpour/Metal/Metal_Lab/DFLAT14 [ 0 1 0 0 ] [ 0 0 -1 32 ] 0 1 1
}
// brush 19
{
( -256 224 160 ) ( -256 225 160 ) ( -256 224 161 ) null/licensse_permissive/project_downpour/Metal/Metal_Lab/DFLAT14 [ 0 -1 0 0 ] [ 0 0 -1 64 ] 0 0.5 0.5
( -256 -208 160 ) ( -256 -208 161 ) ( -255 -208 160 ) null/licensse_permissive/project_downpour/Metal/Metal_Lab/DFLAT14 [ 1 0 0 0 ] [ 0 0 -1 64 ] 0 0.5 0.5
( -256 224 160 ) ( -255 224 160 ) ( -256 225 160 ) null/licensse_permissive/project_downpour/Metal/Metal_Lab/DFLAT14 [ -1 0 0 0 ] [ 0 -1 0 0 ] 0 0.5 0.5
( 64 512 176 ) ( 64 513 176 ) ( 65 512 176 ) null/licensse_permissive/project_downpour/Metal/Metal_Lab/DFLAT14 [ 1 0 0 0 ] [ 0 -1 0 0 ] 0 0.5 0.5
( 64 512 176 ) ( 65 512 176 ) ( 64 512 177 ) null/licensse_permissive/project_downpour/Metal/Metal_Lab/DFLAT14 [ -1 0 0 0 ] [ 0 0 -1 64 ] 0 0.5 0.5
( 64 512 176 ) ( 64 512 177 ) ( 64 513 176 ) null/licensse_permissive/project_downpour/Metal/Metal_Lab/DFLAT14 [ 0 1 0 0 ] [ 0 0 -1 64 ] 0 0.5 0.5
}
// brush 20
{
( 64 384 0 ) ( 64 385 0 ) ( 64 384 1 ) null/licensse_permissive/project_downpour/City/City_Decor/CRWALL2 [ 0 -1 0 0 ] [ 0 0 -1 0 ] 0 0.5 0.5
( 64 384 0 ) ( 64 384 1 ) ( 65 384 0 ) null/licensse_permissive/project_downpour/City/City_Decor/CRWALL2 [ 1 0 0 0 ] [ 0 0 -1 0 ] 0 0.5 0.5
( 64 384 0 ) ( 65 384 0 ) ( 64 385 0 ) null/licensse_permissive/project_downpour/City/City_Decor/CRWALL2 [ -1 0 0 0 ] [ 0 -1 0 0 ] 0 0.5 0.5
( 208 512 176 ) ( 208 513 176 ) ( 209 512 176 ) null/licensse_permissive/project_downpour/City/City_Decor/CRWALL2 [ 1 0 0 0 ] [ 0 -1 0 0 ] 0 0.5 0.5
( 208 512 16 ) ( 209 512 16 ) ( 208 512 17 ) null/licensse_permissive/project_downpour/City/City_Decor/CRWALL2 [ -1 0 0 0 ] [ 0 0 -1 0 ] 0 0.5 0.5
( 80 384 0 ) ( 80 384 1 ) ( 80 385 0 ) null/licensse_permissive/project_downpour/City/City_Decor/CRWALL2 [ 0 -1 0 0 ] [ 0 0 -1 0 ] 0 0.5 0.5
}
// brush 21
{
( 64 384 0 ) ( 64 385 0 ) ( 64 384 1 ) null/licensse_permissive/project_downpour/City/City_Decor/CRWALL2 [ 0 -1 0 0 ] [ 0 0 -1 0 ] 0 0.5 0.5
( 64 80 0 ) ( 64 80 1 ) ( 65 80 0 ) null/licensse_permissive/project_downpour/City/City_Decor/CRWALL2 [ 1 0 0 0 ] [ 0 0 -1 0 ] 0 0.5 0.5
( 64 384 0 ) ( 65 384 0 ) ( 64 385 0 ) null/licensse_permissive/project_downpour/City/City_Decor/CRWALL2 [ -1 0 0 0 ] [ 0 -1 0 0 ] 0 0.5 0.5
( 208 512 48 ) ( 208 513 48 ) ( 209 512 48 ) null/licensse_permissive/project_downpour/City/City_Decor/CRWALL2 [ 1 0 0 0 ] [ 0 -1 0 0 ] 0 0.5 0.5
( 64 384 0 ) ( 65 384 0 ) ( 64 384 1 ) null/licensse_permissive/project_downpour/City/City_Decor/CRWALL2 [ 1 0 0 0 ] [ 0 0 -1 0 ] 0 0.5 0.5
( 80 384 0 ) ( 80 384 1 ) ( 80 385 0 ) null/licensse_permissive/project_downpour/City/City_Decor/CRWALL2 [ 0 -1 0 0 ] [ 0 0 -1 0 ] 0 0.5 0.5
}
// brush 22
{
( 64 384 0 ) ( 64 385 0 ) ( 64 384 1 ) null/licensse_permissive/project_downpour/City/City_Decor/CRWALL2 [ 0 -1 0 0 ] [ 0 0 -1 0 ] 0 0.5 0.5
( 64 80 0 ) ( 64 80 1 ) ( 65 80 0 ) null/licensse_permissive/project_downpour/City/City_Decor/CRWALL2 [ 1 0 0 0 ] [ 0 0 -1 0 ] 0 0.5 0.5
( 208 512 112 ) ( 209 512 112 ) ( 208 513 112 ) null/licensse_permissive/project_downpour/City/City_Decor/CRWALL2 [ 1 0 0 0 ] [ 0 -1 0 0 ] 0 0.5 0.5
( 208 512 176 ) ( 208 513 176 ) ( 209 512 176 ) null/licensse_permissive/project_downpour/City/City_Decor/CRWALL2 [ 1 0 0 0 ] [ 0 -1 0 0 ] 0 0.5 0.5
( 64 384 0 ) ( 65 384 0 ) ( 64 384 1 ) null/licensse_permissive/project_downpour/City/City_Decor/CRWALL2 [ 1 0 0 0 ] [ 0 0 -1 0 ] 0 0.5 0.5
( 80 384 0 ) ( 80 384 1 ) ( 80 385 0 ) null/licensse_permissive/project_downpour/City/City_Decor/CRWALL2 [ 0 -1 0 0 ] [ 0 0 -1 0 ] 0 0.5 0.5
}
// brush 23
{
( 64 384 0 ) ( 64 385 0 ) ( 64 384 1 ) null/licensse_permissive/project_downpour/City/City_Decor/CRWALL2 [ 0 -1 0 0 ] [ 0 0 -1 0 ] 0 0.5 0.5
( 64 -208 0 ) ( 64 -208 1 ) ( 65 -208 0 ) null/licensse_permissive/project_downpour/City/City_Decor/CRWALL2 [ 1 0 0 0 ] [ 0 0 -1 0 ] 0 0.5 0.5
( 64 384 0 ) ( 65 384 0 ) ( 64 385 0 ) null/licensse_permissive/project_downpour/City/City_Decor/CRWALL2 [ -1 0 0 0 ] [ 0 -1 0 0 ] 0 0.5 0.5
( 208 512 160 ) ( 208 513 160 ) ( 209 512 160 ) null/licensse_permissive/project_downpour/City/City_Decor/CRWALL2 [ 1 0 0 0 ] [ 0 -1 0 0 ] 0 0.5 0.5
( 64 80 0 ) ( 65 80 0 ) ( 64 80 1 ) null/licensse_permissive/project_downpour/City/City_Decor/CRWALL2 [ 1 0 0 0 ] [ 0 0 -1 0 ] 0 0.5 0.5
( 80 384 0 ) ( 80 384 1 ) ( 80 385 0 ) null/licensse_permissive/project_downpour/City/City_Decor/CRWALL2 [ 0 -1 0 0 ] [ 0 0 -1 0 ] 0 0.5 0.5
}
// brush 24
{
( 416 512 16 ) ( 416 513 16 ) ( 416 512 17 ) null/licensse_permissive/project_downpour/City/City_Decor/CRWALL2 [ 0 1 0 0 ] [ 0 0 -1 0 ] 0 0.5 0.5
( 64 496 0 ) ( 64 496 1 ) ( 65 496 0 ) null/licensse_permissive/project_downpour/City/City_Decor/CRWALL2 [ 1 0 0 0 ] [ 0 0 -1 0 ] 0 0.5 0.5
( 64 384 0 ) ( 65 384 0 ) ( 64 385 0 ) null/licensse_permissive/project_downpour/City/City_Decor/CRWALL2 [ -1 0 0 0 ] [ 0 -1 0 0 ] 0 0.5 0.5
( 208 512 176 ) ( 208 513 176 ) ( 209 512 176 ) null/licensse_permissive/project_downpour/City/City_Decor/CRWALL2 [ 1 0 0 0 ] [ 0 -1 0 0 ] 0 0.5 0.5
( 208 576 16 ) ( 209 576 16 ) ( 208 576 17 ) null/licensse_permissive/project_downpour/City/City_Decor/CRWALL2 [ -1 0 0 0 ] [ 0 0 -1 0 ] 0 0.5 0.5
( 432 512 16 ) ( 432 512 17 ) ( 432 513 16 ) null/licensse_permissive/project_downpour/City/City_Decor/CRWALL2 [ 0 1 0 0 ] [ 0 0 -1 0 ] 0 0.5 0.5
}
// brush 25
{
( 416 512 16 ) ( 416 513 16 ) ( 416 512 17 ) null/licensse_permissive/project_downpour/City/City_Decor/CRWALL2 [ 0 1 0 0 ] [ 0 0 -1 0 ] 0 0.5 0.5
( 208 640 16 ) ( 208 640 17 ) ( 209 640 16 ) null/licensse_permissive/project_downpour/City/City_Decor/CRWALL2 [ -1 0 0 0 ] [ 0 0 -1 0 ] 0 0.5 0.5
( 64 384 0 ) ( 65 384 0 ) ( 64 385 0 ) null/licensse_permissive/project_downpour/City/City_Decor/CRWALL2 [ -1 0 0 0 ] [ 0 -1 0 0 ] 0 0.5 0.5
( 208 512 176 ) ( 208 513 176 ) ( 209 512 176 ) null/licensse_permissive/project_downpour/City/City_Decor/CRWALL2 [ 1 0 0 0 ] [ 0 -1 0 0 ] 0 0.5 0.5
( 208 704 16 ) ( 209 704 16 ) ( 208 704 17 ) null/licensse_permissive/project_downpour/City/City_Decor/CRWALL2 [ -1 0 0 0 ] [ 0 0 -1 0 ] 0 0.5 0.5
( 432 512 16 ) ( 432 512 17 ) ( 432 513 16 ) null/licensse_permissive/project_downpour/City/City_Decor/CRWALL2 [ 0 1 0 0 ] [ 0 0 -1 0 ] 0 0.5 0.5
}
// brush 26
{
( 416 576 0 ) ( 416 577 0 ) ( 416 576 1 ) null/licensse_permissive/project_downpour/City/City_Decor/PLAST1 [ 0 -1 0 0 ] [ 0 0 -1 0 ] 0 0.5 0.5
( 416 576 0 ) ( 416 576 1 ) ( 417 576 0 ) null/licensse_permissive/project_downpour/City/City_Decor/PLAST1 [ 1 0 0 0 ] [ 0 0 -1 0 ] 0 0.5 0.5
( 416 576 0 ) ( 417 576 0 ) ( 416 577 0 ) null/licensse_permissive/project_downpour/City/City_Decor/PLAST1 [ -1 0 0 0 ] [ 0 -1 0 0 ] 0 0.5 0.5
( 432 640 16 ) ( 432 641 16 ) ( 433 640 16 ) null/licensse_permissive/project_downpour/City/City_Decor/PLAST1 [ 1 0 0 0 ] [ 0 -1 0 0 ] 0 0.5 0.5
( 432 640 16 ) ( 433 640 16 ) ( 432 640 17 ) null/licensse_permissive/project_downpour/City/City_Decor/PLAST1 [ -1 0 0 0 ] [ 0 0 -1 0 ] 0 0.5 0.5
( 432 640 16 ) ( 432 640 17 ) ( 432 641 16 ) null/licensse_permissive/project_downpour/City/City_Decor/PLAST1 [ 0 1 0 0 ] [ 0 0 -1 0 ] 0 0.5 0.5
}
}
// entity 1
{
"classname" "info_player_start"
"origin" "-40 632 52"
}
